Assuming unrestricted shared filesystem usage.
host: login04
Building DAG of jobs...
Using shell: /usr/local/bin/bash
Provided cores: 80
Rules claiming more threads will be scaled down.
Job stats:
job       count
------  -------
all           1
prokka       12
total        13

Select jobs to execute...
Failed to solve scheduling problem with ILP solver, falling back to greedy scheduler. You likely have to fix your ILP solver installation. Error message: PULP_CBC_CMD: Not Available (check permissions on cbc)
Execute 12 jobs...
[Wed Nov 26 21:17:32 2025]
localrule prokka:
    input: /home/zfears/Desktop/pcrProj/sm_eFaecium/strains/genusOD940420.1.fna
    output: /home/zfears/Desktop/pcrProj/sm_eFaecium/prokka/genusOD940420.1.fna.gff, /home/zfears/Desktop/pcrProj/sm_eFaecium/prokka/genusOD940420.1.fna.ffn
    jobid: 1
    reason: Missing output files: /home/zfears/Desktop/pcrProj/sm_eFaecium/prokka/genusOD940420.1.fna.gff; Software environment definition has changed since last execution
    wildcards: fna=genusOD940420.1.fna
    resources: tmpdir=/tmp
Activating conda environment: ../../../../nobackup/archive/grp/grp_Assembly/shared-conda-pkgs/envs/prokka
[Wed Nov 26 21:17:35 2025]
localrule prokka:
    input: /home/zfears/Desktop/pcrProj/sm_eFaecium/strains/genusOD940431.1.fna
    output: /home/zfears/Desktop/pcrProj/sm_eFaecium/prokka/genusOD940431.1.fna.gff, /home/zfears/Desktop/pcrProj/sm_eFaecium/prokka/genusOD940431.1.fna.ffn
    jobid: 3
    reason: Missing output files: /home/zfears/Desktop/pcrProj/sm_eFaecium/prokka/genusOD940431.1.fna.gff; Software environment definition has changed since last execution
    wildcards: fna=genusOD940431.1.fna
    resources: tmpdir=/tmp
Activating conda environment: ../../../../nobackup/archive/grp/grp_Assembly/shared-conda-pkgs/envs/prokka
[Wed Nov 26 21:17:35 2025]
localrule prokka:
    input: /home/zfears/Desktop/pcrProj/sm_eFaecium/strains/genusOD940437.1.fna
    output: /home/zfears/Desktop/pcrProj/sm_eFaecium/prokka/genusOD940437.1.fna.gff, /home/zfears/Desktop/pcrProj/sm_eFaecium/prokka/genusOD940437.1.fna.ffn
    jobid: 5
    reason: Missing output files: /home/zfears/Desktop/pcrProj/sm_eFaecium/prokka/genusOD940437.1.fna.gff; Software environment definition has changed since last execution
    wildcards: fna=genusOD940437.1.fna
    resources: tmpdir=/tmp
Activating conda environment: ../../../../nobackup/archive/grp/grp_Assembly/shared-conda-pkgs/envs/prokka
[Wed Nov 26 21:17:35 2025]
localrule prokka:
    input: /home/zfears/Desktop/pcrProj/sm_eFaecium/strains/speciesOU015345.1.fna
    output: /home/zfears/Desktop/pcrProj/sm_eFaecium/prokka/speciesOU015345.1.fna.gff, /home/zfears/Desktop/pcrProj/sm_eFaecium/prokka/speciesOU015345.1.fna.ffn
    jobid: 7
    reason: Missing output files: /home/zfears/Desktop/pcrProj/sm_eFaecium/prokka/speciesOU015345.1.fna.gff; Software environment definition has changed since last execution
    wildcards: fna=speciesOU015345.1.fna
    resources: tmpdir=/tmp
Activating conda environment: ../../../../nobackup/archive/grp/grp_Assembly/shared-conda-pkgs/envs/prokka
[Wed Nov 26 21:17:35 2025]
localrule prokka:
    input: /home/zfears/Desktop/pcrProj/sm_eFaecium/strains/speciesOU015708.1.fna
    output: /home/zfears/Desktop/pcrProj/sm_eFaecium/prokka/speciesOU015708.1.fna.gff, /home/zfears/Desktop/pcrProj/sm_eFaecium/prokka/speciesOU015708.1.fna.ffn
    jobid: 9
    reason: Missing output files: /home/zfears/Desktop/pcrProj/sm_eFaecium/prokka/speciesOU015708.1.fna.gff; Software environment definition has changed since last execution
    wildcards: fna=speciesOU015708.1.fna
    resources: tmpdir=/tmp
Activating conda environment: ../../../../nobackup/archive/grp/grp_Assembly/shared-conda-pkgs/envs/prokka
[Wed Nov 26 21:17:35 2025]
localrule prokka:
    input: /home/zfears/Desktop/pcrProj/sm_eFaecium/strains/speciesOU016027.1.fna
    output: /home/zfears/Desktop/pcrProj/sm_eFaecium/prokka/speciesOU016027.1.fna.gff, /home/zfears/Desktop/pcrProj/sm_eFaecium/prokka/speciesOU016027.1.fna.ffn
    jobid: 11
    reason: Missing output files: /home/zfears/Desktop/pcrProj/sm_eFaecium/prokka/speciesOU016027.1.fna.gff; Software environment definition has changed since last execution
    wildcards: fna=speciesOU016027.1.fna
    resources: tmpdir=/tmp
Activating conda environment: ../../../../nobackup/archive/grp/grp_Assembly/shared-conda-pkgs/envs/prokka
[Wed Nov 26 21:17:35 2025]
localrule prokka:
    input: /home/zfears/Desktop/pcrProj/sm_eFaecium/strains/genusOD940422.1.fna
    output: /home/zfears/Desktop/pcrProj/sm_eFaecium/prokka/genusOD940422.1.fna.gff, /home/zfears/Desktop/pcrProj/sm_eFaecium/prokka/genusOD940422.1.fna.ffn
    jobid: 2
    reason: Missing output files: /home/zfears/Desktop/pcrProj/sm_eFaecium/prokka/genusOD940422.1.fna.gff; Software environment definition has changed since last execution
    wildcards: fna=genusOD940422.1.fna
    resources: tmpdir=/tmp
Activating conda environment: ../../../../nobackup/archive/grp/grp_Assembly/shared-conda-pkgs/envs/prokka
[Wed Nov 26 21:17:35 2025]
localrule prokka:
    input: /home/zfears/Desktop/pcrProj/sm_eFaecium/strains/genusOD940434.1.fna
    output: /home/zfears/Desktop/pcrProj/sm_eFaecium/prokka/genusOD940434.1.fna.gff, /home/zfears/Desktop/pcrProj/sm_eFaecium/prokka/genusOD940434.1.fna.ffn
    jobid: 4
    reason: Missing output files: /home/zfears/Desktop/pcrProj/sm_eFaecium/prokka/genusOD940434.1.fna.gff; Software environment definition has changed since last execution
    wildcards: fna=genusOD940434.1.fna
    resources: tmpdir=/tmp
Activating conda environment: ../../../../nobackup/archive/grp/grp_Assembly/shared-conda-pkgs/envs/prokka
[Wed Nov 26 21:17:35 2025]
localrule prokka:
    input: /home/zfears/Desktop/pcrProj/sm_eFaecium/strains/genusOD940440.1.fna
    output: /home/zfears/Desktop/pcrProj/sm_eFaecium/prokka/genusOD940440.1.fna.gff, /home/zfears/Desktop/pcrProj/sm_eFaecium/prokka/genusOD940440.1.fna.ffn
    jobid: 6
    reason: Missing output files: /home/zfears/Desktop/pcrProj/sm_eFaecium/prokka/genusOD940440.1.fna.gff; Software environment definition has changed since last execution
    wildcards: fna=genusOD940440.1.fna
    resources: tmpdir=/tmp
Activating conda environment: ../../../../nobackup/archive/grp/grp_Assembly/shared-conda-pkgs/envs/prokka
[Wed Nov 26 21:17:36 2025]
localrule prokka:
    input: /home/zfears/Desktop/pcrProj/sm_eFaecium/strains/speciesOU015350.1.fna
    output: /home/zfears/Desktop/pcrProj/sm_eFaecium/prokka/speciesOU015350.1.fna.gff, /home/zfears/Desktop/pcrProj/sm_eFaecium/prokka/speciesOU015350.1.fna.ffn
    jobid: 8
    reason: Missing output files: /home/zfears/Desktop/pcrProj/sm_eFaecium/prokka/speciesOU015350.1.fna.gff; Software environment definition has changed since last execution
    wildcards: fna=speciesOU015350.1.fna
    resources: tmpdir=/tmp
Activating conda environment: ../../../../nobackup/archive/grp/grp_Assembly/shared-conda-pkgs/envs/prokka
[Wed Nov 26 21:17:36 2025]
localrule prokka:
    input: /home/zfears/Desktop/pcrProj/sm_eFaecium/strains/speciesOU015946.1.fna
    output: /home/zfears/Desktop/pcrProj/sm_eFaecium/prokka/speciesOU015946.1.fna.gff, /home/zfears/Desktop/pcrProj/sm_eFaecium/prokka/speciesOU015946.1.fna.ffn
    jobid: 10
    reason: Missing output files: /home/zfears/Desktop/pcrProj/sm_eFaecium/prokka/speciesOU015946.1.fna.gff; Software environment definition has changed since last execution
    wildcards: fna=speciesOU015946.1.fna
    resources: tmpdir=/tmp
Activating conda environment: ../../../../nobackup/archive/grp/grp_Assembly/shared-conda-pkgs/envs/prokka
[Wed Nov 26 21:17:36 2025]
localrule prokka:
    input: /home/zfears/Desktop/pcrProj/sm_eFaecium/strains/speciesOU016036.1.fna
    output: /home/zfears/Desktop/pcrProj/sm_eFaecium/prokka/speciesOU016036.1.fna.gff, /home/zfears/Desktop/pcrProj/sm_eFaecium/prokka/speciesOU016036.1.fna.ffn
    jobid: 12
    reason: Missing output files: /home/zfears/Desktop/pcrProj/sm_eFaecium/prokka/speciesOU016036.1.fna.gff; Software environment definition has changed since last execution
    wildcards: fna=speciesOU016036.1.fna
    resources: tmpdir=/tmp
Activating conda environment: ../../../../nobackup/archive/grp/grp_Assembly/shared-conda-pkgs/envs/prokka
[Wed Nov 26 21:17:48 2025]
Finished jobid: 6 (Rule: prokka)
1 of 13 steps (8%) done
[Wed Nov 26 21:20:29 2025]
Finished jobid: 2 (Rule: prokka)
2 of 13 steps (15%) done
[Wed Nov 26 21:20:46 2025]
Finished jobid: 3 (Rule: prokka)
3 of 13 steps (23%) done
[Wed Nov 26 21:20:50 2025]
Finished jobid: 12 (Rule: prokka)
4 of 13 steps (31%) done
[Wed Nov 26 21:20:50 2025]
Finished jobid: 4 (Rule: prokka)
5 of 13 steps (38%) done
[Wed Nov 26 21:20:51 2025]
Finished jobid: 10 (Rule: prokka)
6 of 13 steps (46%) done
[Wed Nov 26 21:20:51 2025]
Finished jobid: 11 (Rule: prokka)
7 of 13 steps (54%) done
[Wed Nov 26 21:20:52 2025]
Finished jobid: 9 (Rule: prokka)
8 of 13 steps (62%) done
[Wed Nov 26 21:20:52 2025]
Finished jobid: 7 (Rule: prokka)
9 of 13 steps (69%) done
[Wed Nov 26 21:20:52 2025]
Finished jobid: 5 (Rule: prokka)
10 of 13 steps (77%) done
[Wed Nov 26 21:20:53 2025]
Finished jobid: 1 (Rule: prokka)
11 of 13 steps (85%) done
[Wed Nov 26 21:20:54 2025]
Finished jobid: 8 (Rule: prokka)
12 of 13 steps (92%) done
Select jobs to execute...
Execute 1 jobs...
[Wed Nov 26 21:20:54 2025]
localrule all:
    input: /home/zfears/Desktop/pcrProj/sm_eFaecium/prokka/genusOD940420.1.fna.gff, /home/zfears/Desktop/pcrProj/sm_eFaecium/prokka/genusOD940422.1.fna.gff, /home/zfears/Desktop/pcrProj/sm_eFaecium/prokka/genusOD940431.1.fna.gff, /home/zfears/Desktop/pcrProj/sm_eFaecium/prokka/genusOD940434.1.fna.gff, /home/zfears/Desktop/pcrProj/sm_eFaecium/prokka/genusOD940437.1.fna.gff, /home/zfears/Desktop/pcrProj/sm_eFaecium/prokka/genusOD940440.1.fna.gff, /home/zfears/Desktop/pcrProj/sm_eFaecium/prokka/speciesOU015345.1.fna.gff, /home/zfears/Desktop/pcrProj/sm_eFaecium/prokka/speciesOU015350.1.fna.gff, /home/zfears/Desktop/pcrProj/sm_eFaecium/prokka/speciesOU015708.1.fna.gff, /home/zfears/Desktop/pcrProj/sm_eFaecium/prokka/speciesOU015946.1.fna.gff, /home/zfears/Desktop/pcrProj/sm_eFaecium/prokka/speciesOU016027.1.fna.gff, /home/zfears/Desktop/pcrProj/sm_eFaecium/prokka/speciesOU016036.1.fna.gff
    jobid: 0
    reason: Input files updated by another job: /home/zfears/Desktop/pcrProj/sm_eFaecium/prokka/genusOD940431.1.fna.gff, /home/zfears/Desktop/pcrProj/sm_eFaecium/prokka/speciesOU016027.1.fna.gff, /home/zfears/Desktop/pcrProj/sm_eFaecium/prokka/speciesOU015946.1.fna.gff, /home/zfears/Desktop/pcrProj/sm_eFaecium/prokka/genusOD940437.1.fna.gff, /home/zfears/Desktop/pcrProj/sm_eFaecium/prokka/speciesOU016036.1.fna.gff, /home/zfears/Desktop/pcrProj/sm_eFaecium/prokka/speciesOU015350.1.fna.gff, /home/zfears/Desktop/pcrProj/sm_eFaecium/prokka/genusOD940422.1.fna.gff, /home/zfears/Desktop/pcrProj/sm_eFaecium/prokka/genusOD940420.1.fna.gff, /home/zfears/Desktop/pcrProj/sm_eFaecium/prokka/speciesOU015345.1.fna.gff, /home/zfears/Desktop/pcrProj/sm_eFaecium/prokka/genusOD940434.1.fna.gff, /home/zfears/Desktop/pcrProj/sm_eFaecium/prokka/genusOD940440.1.fna.gff, /home/zfears/Desktop/pcrProj/sm_eFaecium/prokka/speciesOU015708.1.fna.gff
    resources: tmpdir=/tmp
[Wed Nov 26 21:20:54 2025]
Finished jobid: 0 (Rule: all)
13 of 13 steps (100%) done
Complete log(s): /grphome/grp_Assembly/pcrScripts/snakemake/.snakemake/log/2025-11-26T211730.539879.snakemake.log
