host: login04
Building DAG of jobs...
SLURM run ID: 20ffb671-c0f2-4665-92e2-2e5f9366f97c
Using shell: /usr/local/bin/bash
Provided remote nodes: 100
Job stats:
job       count
------  -------
all           1
prokka       12
total        13

Select jobs to execute...
Failed to solve scheduling problem with ILP solver, falling back to greedy scheduler. You likely have to fix your ILP solver installation. Error message: PULP_CBC_CMD: Not Available (check permissions on cbc)
Execute 12 jobs...
[Wed Nov 26 22:16:35 2025]
rule prokka:
    input: /home/zfears/Desktop/pcrProj/sm_eFaecium/strains/genusOD940440.1.fna
    output: /home/zfears/Desktop/pcrProj/sm_eFaecium/prokka/genusOD940440.1.fna.gff, /home/zfears/Desktop/pcrProj/sm_eFaecium/prokka/genusOD940440.1.fna.ffn
    jobid: 6
    reason: Missing output files: /home/zfears/Desktop/pcrProj/sm_eFaecium/prokka/genusOD940440.1.fna.gff
    wildcards: fna=genusOD940440.1.fna
    resources: mem_mb=4000, mem_mib=3815, disk_mb=1000, disk_mib=954, tmpdir=<TBD>, slurm_partition=compute, runtime=60, account=zfears
No SLURM account given, trying to guess.
Unable to guess SLURM account. Trying to proceed without.
[Wed Nov 26 22:16:39 2025]
Error in rule prokka:
    message: SLURM sbatch failed. The error message was 'sbatch: error: Partition "compute" not found
sbatch: error: Your job cannot run due to an incorrect resource request or there is a bug in the submit plugin. Please correct your parameters or open a support ticket at https://rc.byu.edu/ticket with the exact sbatch command line parameters and #SBATCH lines. Note that only one rejection message is included per partition; there may be multiple reasons for rejection.
sbatch: error: Batch job submission failed: Unspecified error'.
    sbatch call:
        sbatch --parsable --job-name 20ffb671-c0f2-4665-92e2-2e5f9366f97c --output /grphome/grp_Assembly/pcrScripts/snakemake/.snakemake/slurm_logs/rule_prokka/genusOD940440.1.fna/%j.log --export=ALL --comment rule_prokka_wildcards_genusOD940440.1.fna   -p compute -t 60 --mem 4000 --ntasks=1 --cpus-per-task=1 -D /grphome/grp_Assembly/pcrScripts/snakemake --wrap="/home/zfears/groups/grp_Assembly/snakemake/bin/python3.13 -m snakemake --snakefile '/grphome/grp_Assembly/pcrScripts/snakemake/main.smk' --target-jobs 'prokka:fna=genusOD940440.1.fna' --allowed-rules prokka --cores 'all' --attempt 1 --force-use-threads  --wait-for-files '/grphome/grp_Assembly/pcrScripts/snakemake/.snakemake/tmp.m2jnoi_b' '/home/zfears/Desktop/pcrProj/sm_eFaecium/strains/genusOD940440.1.fna' --force --target-files-omit-workdir-adjustment --max-inventory-time 0 --nocolor --no-hooks --nolock --ignore-incomplete --rerun-triggers params code input mtime software-env --deployment-method conda --conda-frontend 'conda' --conda-base-path '/apps/spack/root/opt/spack/linux-rhel9-haswell/gcc-13.2.0/miniconda3-24.3.0-poykqmtnr6sypgvxuiil5mz5rjd3lwrd' --shared-fs-usage sources persistence software-deployment source-cache storage-local-copies input-output --wrapper-prefix 'https://github.com/snakemake/snakemake-wrappers/raw/' --latency-wait 5 --scheduler 'ilp' --local-storage-prefix base64//LnNuYWtlbWFrZS9zdG9yYWdl --scheduler-solver-path '/home/zfears/groups/grp_Assembly/snakemake/bin' --runtime-source-cache-path '/home/zfears/.cache/snakemake/snakemake/source-cache/runtime-cache/tmpv1f1r3im' --default-resources base64//bWVtX21iPTQwMDA= base64//ZGlza19tYj1tYXgoMippbnB1dC5zaXplX21iLCAxMDAwKSBpZiBpbnB1dCBlbHNlIDUwMDAw base64//dG1wZGlyPXN5c3RlbV90bXBkaXI= base64//c2x1cm1fcGFydGl0aW9uPWNvbXB1dGU= base64//cnVudGltZT02MA== base64//YWNjb3VudD16ZmVhcnM= --executor slurm-jobstep --jobs 1 --mode 'remote'"
For further error details see the cluster/cloud log and the log files of the involved rule(s).
    jobid: 6
    input: /home/zfears/Desktop/pcrProj/sm_eFaecium/strains/genusOD940440.1.fna
    output: /home/zfears/Desktop/pcrProj/sm_eFaecium/prokka/genusOD940440.1.fna.gff, /home/zfears/Desktop/pcrProj/sm_eFaecium/prokka/genusOD940440.1.fna.ffn
    conda-env: /nobackup/archive/grp/grp_Assembly/shared-conda-pkgs/envs/prokka
    shell:
        
        /grphome/grp_Assembly/pcrScripts/snakemake/scripts/prokka.sh /home/zfears/Desktop/pcrProj/sm_eFaecium/strains/genusOD940440.1.fna /home/zfears/Desktop/pcrProj/sm_eFaecium/prokka
        
        (command exited with non-zero exit code)
[Wed Nov 26 22:16:39 2025]
rule prokka:
    input: /home/zfears/Desktop/pcrProj/sm_eFaecium/strains/speciesOU015350.1.fna
    output: /home/zfears/Desktop/pcrProj/sm_eFaecium/prokka/speciesOU015350.1.fna.gff, /home/zfears/Desktop/pcrProj/sm_eFaecium/prokka/speciesOU015350.1.fna.ffn
    jobid: 8
    reason: Missing output files: /home/zfears/Desktop/pcrProj/sm_eFaecium/prokka/speciesOU015350.1.fna.gff
    wildcards: fna=speciesOU015350.1.fna
    resources: mem_mb=4000, mem_mib=3815, disk_mb=1000, disk_mib=954, tmpdir=<TBD>, slurm_partition=compute, runtime=60, account=zfears
[Wed Nov 26 22:16:39 2025]
Error in rule prokka:
    message: SLURM sbatch failed. The error message was 'sbatch: error: Partition "compute" not found
sbatch: error: Your job cannot run due to an incorrect resource request or there is a bug in the submit plugin. Please correct your parameters or open a support ticket at https://rc.byu.edu/ticket with the exact sbatch command line parameters and #SBATCH lines. Note that only one rejection message is included per partition; there may be multiple reasons for rejection.
sbatch: error: Batch job submission failed: Unspecified error'.
    sbatch call:
        sbatch --parsable --job-name 20ffb671-c0f2-4665-92e2-2e5f9366f97c --output /grphome/grp_Assembly/pcrScripts/snakemake/.snakemake/slurm_logs/rule_prokka/speciesOU015350.1.fna/%j.log --export=ALL --comment rule_prokka_wildcards_speciesOU015350.1.fna   -p compute -t 60 --mem 4000 --ntasks=1 --cpus-per-task=1 -D /grphome/grp_Assembly/pcrScripts/snakemake --wrap="/home/zfears/groups/grp_Assembly/snakemake/bin/python3.13 -m snakemake --snakefile '/grphome/grp_Assembly/pcrScripts/snakemake/main.smk' --target-jobs 'prokka:fna=speciesOU015350.1.fna' --allowed-rules prokka --cores 'all' --attempt 1 --force-use-threads  --wait-for-files '/grphome/grp_Assembly/pcrScripts/snakemake/.snakemake/tmp.m2jnoi_b' '/home/zfears/Desktop/pcrProj/sm_eFaecium/strains/speciesOU015350.1.fna' --force --target-files-omit-workdir-adjustment --max-inventory-time 0 --nocolor --no-hooks --nolock --ignore-incomplete --rerun-triggers params code input mtime software-env --deployment-method conda --conda-frontend 'conda' --conda-base-path '/apps/spack/root/opt/spack/linux-rhel9-haswell/gcc-13.2.0/miniconda3-24.3.0-poykqmtnr6sypgvxuiil5mz5rjd3lwrd' --shared-fs-usage sources persistence software-deployment source-cache storage-local-copies input-output --wrapper-prefix 'https://github.com/snakemake/snakemake-wrappers/raw/' --latency-wait 5 --scheduler 'ilp' --local-storage-prefix base64//LnNuYWtlbWFrZS9zdG9yYWdl --scheduler-solver-path '/home/zfears/groups/grp_Assembly/snakemake/bin' --runtime-source-cache-path '/home/zfears/.cache/snakemake/snakemake/source-cache/runtime-cache/tmpv1f1r3im' --default-resources base64//bWVtX21iPTQwMDA= base64//ZGlza19tYj1tYXgoMippbnB1dC5zaXplX21iLCAxMDAwKSBpZiBpbnB1dCBlbHNlIDUwMDAw base64//dG1wZGlyPXN5c3RlbV90bXBkaXI= base64//c2x1cm1fcGFydGl0aW9uPWNvbXB1dGU= base64//cnVudGltZT02MA== base64//YWNjb3VudD16ZmVhcnM= --executor slurm-jobstep --jobs 1 --mode 'remote'"
For further error details see the cluster/cloud log and the log files of the involved rule(s).
    jobid: 8
    input: /home/zfears/Desktop/pcrProj/sm_eFaecium/strains/speciesOU015350.1.fna
    output: /home/zfears/Desktop/pcrProj/sm_eFaecium/prokka/speciesOU015350.1.fna.gff, /home/zfears/Desktop/pcrProj/sm_eFaecium/prokka/speciesOU015350.1.fna.ffn
    conda-env: /nobackup/archive/grp/grp_Assembly/shared-conda-pkgs/envs/prokka
    shell:
        
        /grphome/grp_Assembly/pcrScripts/snakemake/scripts/prokka.sh /home/zfears/Desktop/pcrProj/sm_eFaecium/strains/speciesOU015350.1.fna /home/zfears/Desktop/pcrProj/sm_eFaecium/prokka
        
        (command exited with non-zero exit code)
[Wed Nov 26 22:16:39 2025]
rule prokka:
    input: /home/zfears/Desktop/pcrProj/sm_eFaecium/strains/speciesOU015946.1.fna
    output: /home/zfears/Desktop/pcrProj/sm_eFaecium/prokka/speciesOU015946.1.fna.gff, /home/zfears/Desktop/pcrProj/sm_eFaecium/prokka/speciesOU015946.1.fna.ffn
    jobid: 10
    reason: Missing output files: /home/zfears/Desktop/pcrProj/sm_eFaecium/prokka/speciesOU015946.1.fna.gff
    wildcards: fna=speciesOU015946.1.fna
    resources: mem_mb=4000, mem_mib=3815, disk_mb=1000, disk_mib=954, tmpdir=<TBD>, slurm_partition=compute, runtime=60, account=zfears
[Wed Nov 26 22:16:39 2025]
Error in rule prokka:
    message: SLURM sbatch failed. The error message was 'sbatch: error: Partition "compute" not found
sbatch: error: Your job cannot run due to an incorrect resource request or there is a bug in the submit plugin. Please correct your parameters or open a support ticket at https://rc.byu.edu/ticket with the exact sbatch command line parameters and #SBATCH lines. Note that only one rejection message is included per partition; there may be multiple reasons for rejection.
sbatch: error: Batch job submission failed: Unspecified error'.
    sbatch call:
        sbatch --parsable --job-name 20ffb671-c0f2-4665-92e2-2e5f9366f97c --output /grphome/grp_Assembly/pcrScripts/snakemake/.snakemake/slurm_logs/rule_prokka/speciesOU015946.1.fna/%j.log --export=ALL --comment rule_prokka_wildcards_speciesOU015946.1.fna   -p compute -t 60 --mem 4000 --ntasks=1 --cpus-per-task=1 -D /grphome/grp_Assembly/pcrScripts/snakemake --wrap="/home/zfears/groups/grp_Assembly/snakemake/bin/python3.13 -m snakemake --snakefile '/grphome/grp_Assembly/pcrScripts/snakemake/main.smk' --target-jobs 'prokka:fna=speciesOU015946.1.fna' --allowed-rules prokka --cores 'all' --attempt 1 --force-use-threads  --wait-for-files '/grphome/grp_Assembly/pcrScripts/snakemake/.snakemake/tmp.m2jnoi_b' '/home/zfears/Desktop/pcrProj/sm_eFaecium/strains/speciesOU015946.1.fna' --force --target-files-omit-workdir-adjustment --max-inventory-time 0 --nocolor --no-hooks --nolock --ignore-incomplete --rerun-triggers params code input mtime software-env --deployment-method conda --conda-frontend 'conda' --conda-base-path '/apps/spack/root/opt/spack/linux-rhel9-haswell/gcc-13.2.0/miniconda3-24.3.0-poykqmtnr6sypgvxuiil5mz5rjd3lwrd' --shared-fs-usage sources persistence software-deployment source-cache storage-local-copies input-output --wrapper-prefix 'https://github.com/snakemake/snakemake-wrappers/raw/' --latency-wait 5 --scheduler 'ilp' --local-storage-prefix base64//LnNuYWtlbWFrZS9zdG9yYWdl --scheduler-solver-path '/home/zfears/groups/grp_Assembly/snakemake/bin' --runtime-source-cache-path '/home/zfears/.cache/snakemake/snakemake/source-cache/runtime-cache/tmpv1f1r3im' --default-resources base64//bWVtX21iPTQwMDA= base64//ZGlza19tYj1tYXgoMippbnB1dC5zaXplX21iLCAxMDAwKSBpZiBpbnB1dCBlbHNlIDUwMDAw base64//dG1wZGlyPXN5c3RlbV90bXBkaXI= base64//c2x1cm1fcGFydGl0aW9uPWNvbXB1dGU= base64//cnVudGltZT02MA== base64//YWNjb3VudD16ZmVhcnM= --executor slurm-jobstep --jobs 1 --mode 'remote'"
For further error details see the cluster/cloud log and the log files of the involved rule(s).
    jobid: 10
    input: /home/zfears/Desktop/pcrProj/sm_eFaecium/strains/speciesOU015946.1.fna
    output: /home/zfears/Desktop/pcrProj/sm_eFaecium/prokka/speciesOU015946.1.fna.gff, /home/zfears/Desktop/pcrProj/sm_eFaecium/prokka/speciesOU015946.1.fna.ffn
    conda-env: /nobackup/archive/grp/grp_Assembly/shared-conda-pkgs/envs/prokka
    shell:
        
        /grphome/grp_Assembly/pcrScripts/snakemake/scripts/prokka.sh /home/zfears/Desktop/pcrProj/sm_eFaecium/strains/speciesOU015946.1.fna /home/zfears/Desktop/pcrProj/sm_eFaecium/prokka
        
        (command exited with non-zero exit code)
[Wed Nov 26 22:16:39 2025]
rule prokka:
    input: /home/zfears/Desktop/pcrProj/sm_eFaecium/strains/speciesOU016036.1.fna
    output: /home/zfears/Desktop/pcrProj/sm_eFaecium/prokka/speciesOU016036.1.fna.gff, /home/zfears/Desktop/pcrProj/sm_eFaecium/prokka/speciesOU016036.1.fna.ffn
    jobid: 12
    reason: Missing output files: /home/zfears/Desktop/pcrProj/sm_eFaecium/prokka/speciesOU016036.1.fna.gff
    wildcards: fna=speciesOU016036.1.fna
    resources: mem_mb=4000, mem_mib=3815, disk_mb=1000, disk_mib=954, tmpdir=<TBD>, slurm_partition=compute, runtime=60, account=zfears
[Wed Nov 26 22:16:39 2025]
Error in rule prokka:
    message: SLURM sbatch failed. The error message was 'sbatch: error: Partition "compute" not found
sbatch: error: Your job cannot run due to an incorrect resource request or there is a bug in the submit plugin. Please correct your parameters or open a support ticket at https://rc.byu.edu/ticket with the exact sbatch command line parameters and #SBATCH lines. Note that only one rejection message is included per partition; there may be multiple reasons for rejection.
sbatch: error: Batch job submission failed: Unspecified error'.
    sbatch call:
        sbatch --parsable --job-name 20ffb671-c0f2-4665-92e2-2e5f9366f97c --output /grphome/grp_Assembly/pcrScripts/snakemake/.snakemake/slurm_logs/rule_prokka/speciesOU016036.1.fna/%j.log --export=ALL --comment rule_prokka_wildcards_speciesOU016036.1.fna   -p compute -t 60 --mem 4000 --ntasks=1 --cpus-per-task=1 -D /grphome/grp_Assembly/pcrScripts/snakemake --wrap="/home/zfears/groups/grp_Assembly/snakemake/bin/python3.13 -m snakemake --snakefile '/grphome/grp_Assembly/pcrScripts/snakemake/main.smk' --target-jobs 'prokka:fna=speciesOU016036.1.fna' --allowed-rules prokka --cores 'all' --attempt 1 --force-use-threads  --wait-for-files '/grphome/grp_Assembly/pcrScripts/snakemake/.snakemake/tmp.m2jnoi_b' '/home/zfears/Desktop/pcrProj/sm_eFaecium/strains/speciesOU016036.1.fna' --force --target-files-omit-workdir-adjustment --max-inventory-time 0 --nocolor --no-hooks --nolock --ignore-incomplete --rerun-triggers params code input mtime software-env --deployment-method conda --conda-frontend 'conda' --conda-base-path '/apps/spack/root/opt/spack/linux-rhel9-haswell/gcc-13.2.0/miniconda3-24.3.0-poykqmtnr6sypgvxuiil5mz5rjd3lwrd' --shared-fs-usage sources persistence software-deployment source-cache storage-local-copies input-output --wrapper-prefix 'https://github.com/snakemake/snakemake-wrappers/raw/' --latency-wait 5 --scheduler 'ilp' --local-storage-prefix base64//LnNuYWtlbWFrZS9zdG9yYWdl --scheduler-solver-path '/home/zfears/groups/grp_Assembly/snakemake/bin' --runtime-source-cache-path '/home/zfears/.cache/snakemake/snakemake/source-cache/runtime-cache/tmpv1f1r3im' --default-resources base64//bWVtX21iPTQwMDA= base64//ZGlza19tYj1tYXgoMippbnB1dC5zaXplX21iLCAxMDAwKSBpZiBpbnB1dCBlbHNlIDUwMDAw base64//dG1wZGlyPXN5c3RlbV90bXBkaXI= base64//c2x1cm1fcGFydGl0aW9uPWNvbXB1dGU= base64//cnVudGltZT02MA== base64//YWNjb3VudD16ZmVhcnM= --executor slurm-jobstep --jobs 1 --mode 'remote'"
For further error details see the cluster/cloud log and the log files of the involved rule(s).
    jobid: 12
    input: /home/zfears/Desktop/pcrProj/sm_eFaecium/strains/speciesOU016036.1.fna
    output: /home/zfears/Desktop/pcrProj/sm_eFaecium/prokka/speciesOU016036.1.fna.gff, /home/zfears/Desktop/pcrProj/sm_eFaecium/prokka/speciesOU016036.1.fna.ffn
    conda-env: /nobackup/archive/grp/grp_Assembly/shared-conda-pkgs/envs/prokka
    shell:
        
        /grphome/grp_Assembly/pcrScripts/snakemake/scripts/prokka.sh /home/zfears/Desktop/pcrProj/sm_eFaecium/strains/speciesOU016036.1.fna /home/zfears/Desktop/pcrProj/sm_eFaecium/prokka
        
        (command exited with non-zero exit code)
[Wed Nov 26 22:16:39 2025]
rule prokka:
    input: /home/zfears/Desktop/pcrProj/sm_eFaecium/strains/genusOD940420.1.fna
    output: /home/zfears/Desktop/pcrProj/sm_eFaecium/prokka/genusOD940420.1.fna.gff, /home/zfears/Desktop/pcrProj/sm_eFaecium/prokka/genusOD940420.1.fna.ffn
    jobid: 1
    reason: Missing output files: /home/zfears/Desktop/pcrProj/sm_eFaecium/prokka/genusOD940420.1.fna.gff
    wildcards: fna=genusOD940420.1.fna
    resources: mem_mb=4000, mem_mib=3815, disk_mb=1000, disk_mib=954, tmpdir=<TBD>, slurm_partition=compute, runtime=60, account=zfears
[Wed Nov 26 22:16:40 2025]
Error in rule prokka:
    message: SLURM sbatch failed. The error message was 'sbatch: error: Partition "compute" not found
sbatch: error: Your job cannot run due to an incorrect resource request or there is a bug in the submit plugin. Please correct your parameters or open a support ticket at https://rc.byu.edu/ticket with the exact sbatch command line parameters and #SBATCH lines. Note that only one rejection message is included per partition; there may be multiple reasons for rejection.
sbatch: error: Batch job submission failed: Unspecified error'.
    sbatch call:
        sbatch --parsable --job-name 20ffb671-c0f2-4665-92e2-2e5f9366f97c --output /grphome/grp_Assembly/pcrScripts/snakemake/.snakemake/slurm_logs/rule_prokka/genusOD940420.1.fna/%j.log --export=ALL --comment rule_prokka_wildcards_genusOD940420.1.fna   -p compute -t 60 --mem 4000 --ntasks=1 --cpus-per-task=1 -D /grphome/grp_Assembly/pcrScripts/snakemake --wrap="/home/zfears/groups/grp_Assembly/snakemake/bin/python3.13 -m snakemake --snakefile '/grphome/grp_Assembly/pcrScripts/snakemake/main.smk' --target-jobs 'prokka:fna=genusOD940420.1.fna' --allowed-rules prokka --cores 'all' --attempt 1 --force-use-threads  --wait-for-files '/grphome/grp_Assembly/pcrScripts/snakemake/.snakemake/tmp.m2jnoi_b' '/home/zfears/Desktop/pcrProj/sm_eFaecium/strains/genusOD940420.1.fna' --force --target-files-omit-workdir-adjustment --max-inventory-time 0 --nocolor --no-hooks --nolock --ignore-incomplete --rerun-triggers params code input mtime software-env --deployment-method conda --conda-frontend 'conda' --conda-base-path '/apps/spack/root/opt/spack/linux-rhel9-haswell/gcc-13.2.0/miniconda3-24.3.0-poykqmtnr6sypgvxuiil5mz5rjd3lwrd' --shared-fs-usage sources persistence software-deployment source-cache storage-local-copies input-output --wrapper-prefix 'https://github.com/snakemake/snakemake-wrappers/raw/' --latency-wait 5 --scheduler 'ilp' --local-storage-prefix base64//LnNuYWtlbWFrZS9zdG9yYWdl --scheduler-solver-path '/home/zfears/groups/grp_Assembly/snakemake/bin' --runtime-source-cache-path '/home/zfears/.cache/snakemake/snakemake/source-cache/runtime-cache/tmpv1f1r3im' --default-resources base64//bWVtX21iPTQwMDA= base64//ZGlza19tYj1tYXgoMippbnB1dC5zaXplX21iLCAxMDAwKSBpZiBpbnB1dCBlbHNlIDUwMDAw base64//dG1wZGlyPXN5c3RlbV90bXBkaXI= base64//c2x1cm1fcGFydGl0aW9uPWNvbXB1dGU= base64//cnVudGltZT02MA== base64//YWNjb3VudD16ZmVhcnM= --executor slurm-jobstep --jobs 1 --mode 'remote'"
For further error details see the cluster/cloud log and the log files of the involved rule(s).
    jobid: 1
    input: /home/zfears/Desktop/pcrProj/sm_eFaecium/strains/genusOD940420.1.fna
    output: /home/zfears/Desktop/pcrProj/sm_eFaecium/prokka/genusOD940420.1.fna.gff, /home/zfears/Desktop/pcrProj/sm_eFaecium/prokka/genusOD940420.1.fna.ffn
    conda-env: /nobackup/archive/grp/grp_Assembly/shared-conda-pkgs/envs/prokka
    shell:
        
        /grphome/grp_Assembly/pcrScripts/snakemake/scripts/prokka.sh /home/zfears/Desktop/pcrProj/sm_eFaecium/strains/genusOD940420.1.fna /home/zfears/Desktop/pcrProj/sm_eFaecium/prokka
        
        (command exited with non-zero exit code)
[Wed Nov 26 22:16:40 2025]
rule prokka:
    input: /home/zfears/Desktop/pcrProj/sm_eFaecium/strains/genusOD940431.1.fna
    output: /home/zfears/Desktop/pcrProj/sm_eFaecium/prokka/genusOD940431.1.fna.gff, /home/zfears/Desktop/pcrProj/sm_eFaecium/prokka/genusOD940431.1.fna.ffn
    jobid: 3
    reason: Missing output files: /home/zfears/Desktop/pcrProj/sm_eFaecium/prokka/genusOD940431.1.fna.gff
    wildcards: fna=genusOD940431.1.fna
    resources: mem_mb=4000, mem_mib=3815, disk_mb=1000, disk_mib=954, tmpdir=<TBD>, slurm_partition=compute, runtime=60, account=zfears
[Wed Nov 26 22:16:40 2025]
Error in rule prokka:
    message: SLURM sbatch failed. The error message was 'sbatch: error: Partition "compute" not found
sbatch: error: Your job cannot run due to an incorrect resource request or there is a bug in the submit plugin. Please correct your parameters or open a support ticket at https://rc.byu.edu/ticket with the exact sbatch command line parameters and #SBATCH lines. Note that only one rejection message is included per partition; there may be multiple reasons for rejection.
sbatch: error: Batch job submission failed: Unspecified error'.
    sbatch call:
        sbatch --parsable --job-name 20ffb671-c0f2-4665-92e2-2e5f9366f97c --output /grphome/grp_Assembly/pcrScripts/snakemake/.snakemake/slurm_logs/rule_prokka/genusOD940431.1.fna/%j.log --export=ALL --comment rule_prokka_wildcards_genusOD940431.1.fna   -p compute -t 60 --mem 4000 --ntasks=1 --cpus-per-task=1 -D /grphome/grp_Assembly/pcrScripts/snakemake --wrap="/home/zfears/groups/grp_Assembly/snakemake/bin/python3.13 -m snakemake --snakefile '/grphome/grp_Assembly/pcrScripts/snakemake/main.smk' --target-jobs 'prokka:fna=genusOD940431.1.fna' --allowed-rules prokka --cores 'all' --attempt 1 --force-use-threads  --wait-for-files '/grphome/grp_Assembly/pcrScripts/snakemake/.snakemake/tmp.m2jnoi_b' '/home/zfears/Desktop/pcrProj/sm_eFaecium/strains/genusOD940431.1.fna' --force --target-files-omit-workdir-adjustment --max-inventory-time 0 --nocolor --no-hooks --nolock --ignore-incomplete --rerun-triggers params code input mtime software-env --deployment-method conda --conda-frontend 'conda' --conda-base-path '/apps/spack/root/opt/spack/linux-rhel9-haswell/gcc-13.2.0/miniconda3-24.3.0-poykqmtnr6sypgvxuiil5mz5rjd3lwrd' --shared-fs-usage sources persistence software-deployment source-cache storage-local-copies input-output --wrapper-prefix 'https://github.com/snakemake/snakemake-wrappers/raw/' --latency-wait 5 --scheduler 'ilp' --local-storage-prefix base64//LnNuYWtlbWFrZS9zdG9yYWdl --scheduler-solver-path '/home/zfears/groups/grp_Assembly/snakemake/bin' --runtime-source-cache-path '/home/zfears/.cache/snakemake/snakemake/source-cache/runtime-cache/tmpv1f1r3im' --default-resources base64//bWVtX21iPTQwMDA= base64//ZGlza19tYj1tYXgoMippbnB1dC5zaXplX21iLCAxMDAwKSBpZiBpbnB1dCBlbHNlIDUwMDAw base64//dG1wZGlyPXN5c3RlbV90bXBkaXI= base64//c2x1cm1fcGFydGl0aW9uPWNvbXB1dGU= base64//cnVudGltZT02MA== base64//YWNjb3VudD16ZmVhcnM= --executor slurm-jobstep --jobs 1 --mode 'remote'"
For further error details see the cluster/cloud log and the log files of the involved rule(s).
    jobid: 3
    input: /home/zfears/Desktop/pcrProj/sm_eFaecium/strains/genusOD940431.1.fna
    output: /home/zfears/Desktop/pcrProj/sm_eFaecium/prokka/genusOD940431.1.fna.gff, /home/zfears/Desktop/pcrProj/sm_eFaecium/prokka/genusOD940431.1.fna.ffn
    conda-env: /nobackup/archive/grp/grp_Assembly/shared-conda-pkgs/envs/prokka
    shell:
        
        /grphome/grp_Assembly/pcrScripts/snakemake/scripts/prokka.sh /home/zfears/Desktop/pcrProj/sm_eFaecium/strains/genusOD940431.1.fna /home/zfears/Desktop/pcrProj/sm_eFaecium/prokka
        
        (command exited with non-zero exit code)
[Wed Nov 26 22:16:40 2025]
rule prokka:
    input: /home/zfears/Desktop/pcrProj/sm_eFaecium/strains/genusOD940437.1.fna
    output: /home/zfears/Desktop/pcrProj/sm_eFaecium/prokka/genusOD940437.1.fna.gff, /home/zfears/Desktop/pcrProj/sm_eFaecium/prokka/genusOD940437.1.fna.ffn
    jobid: 5
    reason: Missing output files: /home/zfears/Desktop/pcrProj/sm_eFaecium/prokka/genusOD940437.1.fna.gff
    wildcards: fna=genusOD940437.1.fna
    resources: mem_mb=4000, mem_mib=3815, disk_mb=1000, disk_mib=954, tmpdir=<TBD>, slurm_partition=compute, runtime=60, account=zfears
[Wed Nov 26 22:16:40 2025]
Error in rule prokka:
    message: SLURM sbatch failed. The error message was 'sbatch: error: Partition "compute" not found
sbatch: error: Your job cannot run due to an incorrect resource request or there is a bug in the submit plugin. Please correct your parameters or open a support ticket at https://rc.byu.edu/ticket with the exact sbatch command line parameters and #SBATCH lines. Note that only one rejection message is included per partition; there may be multiple reasons for rejection.
sbatch: error: Batch job submission failed: Unspecified error'.
    sbatch call:
        sbatch --parsable --job-name 20ffb671-c0f2-4665-92e2-2e5f9366f97c --output /grphome/grp_Assembly/pcrScripts/snakemake/.snakemake/slurm_logs/rule_prokka/genusOD940437.1.fna/%j.log --export=ALL --comment rule_prokka_wildcards_genusOD940437.1.fna   -p compute -t 60 --mem 4000 --ntasks=1 --cpus-per-task=1 -D /grphome/grp_Assembly/pcrScripts/snakemake --wrap="/home/zfears/groups/grp_Assembly/snakemake/bin/python3.13 -m snakemake --snakefile '/grphome/grp_Assembly/pcrScripts/snakemake/main.smk' --target-jobs 'prokka:fna=genusOD940437.1.fna' --allowed-rules prokka --cores 'all' --attempt 1 --force-use-threads  --wait-for-files '/grphome/grp_Assembly/pcrScripts/snakemake/.snakemake/tmp.m2jnoi_b' '/home/zfears/Desktop/pcrProj/sm_eFaecium/strains/genusOD940437.1.fna' --force --target-files-omit-workdir-adjustment --max-inventory-time 0 --nocolor --no-hooks --nolock --ignore-incomplete --rerun-triggers params code input mtime software-env --deployment-method conda --conda-frontend 'conda' --conda-base-path '/apps/spack/root/opt/spack/linux-rhel9-haswell/gcc-13.2.0/miniconda3-24.3.0-poykqmtnr6sypgvxuiil5mz5rjd3lwrd' --shared-fs-usage sources persistence software-deployment source-cache storage-local-copies input-output --wrapper-prefix 'https://github.com/snakemake/snakemake-wrappers/raw/' --latency-wait 5 --scheduler 'ilp' --local-storage-prefix base64//LnNuYWtlbWFrZS9zdG9yYWdl --scheduler-solver-path '/home/zfears/groups/grp_Assembly/snakemake/bin' --runtime-source-cache-path '/home/zfears/.cache/snakemake/snakemake/source-cache/runtime-cache/tmpv1f1r3im' --default-resources base64//bWVtX21iPTQwMDA= base64//ZGlza19tYj1tYXgoMippbnB1dC5zaXplX21iLCAxMDAwKSBpZiBpbnB1dCBlbHNlIDUwMDAw base64//dG1wZGlyPXN5c3RlbV90bXBkaXI= base64//c2x1cm1fcGFydGl0aW9uPWNvbXB1dGU= base64//cnVudGltZT02MA== base64//YWNjb3VudD16ZmVhcnM= --executor slurm-jobstep --jobs 1 --mode 'remote'"
For further error details see the cluster/cloud log and the log files of the involved rule(s).
    jobid: 5
    input: /home/zfears/Desktop/pcrProj/sm_eFaecium/strains/genusOD940437.1.fna
    output: /home/zfears/Desktop/pcrProj/sm_eFaecium/prokka/genusOD940437.1.fna.gff, /home/zfears/Desktop/pcrProj/sm_eFaecium/prokka/genusOD940437.1.fna.ffn
    conda-env: /nobackup/archive/grp/grp_Assembly/shared-conda-pkgs/envs/prokka
    shell:
        
        /grphome/grp_Assembly/pcrScripts/snakemake/scripts/prokka.sh /home/zfears/Desktop/pcrProj/sm_eFaecium/strains/genusOD940437.1.fna /home/zfears/Desktop/pcrProj/sm_eFaecium/prokka
        
        (command exited with non-zero exit code)
[Wed Nov 26 22:16:40 2025]
rule prokka:
    input: /home/zfears/Desktop/pcrProj/sm_eFaecium/strains/speciesOU015345.1.fna
    output: /home/zfears/Desktop/pcrProj/sm_eFaecium/prokka/speciesOU015345.1.fna.gff, /home/zfears/Desktop/pcrProj/sm_eFaecium/prokka/speciesOU015345.1.fna.ffn
    jobid: 7
    reason: Missing output files: /home/zfears/Desktop/pcrProj/sm_eFaecium/prokka/speciesOU015345.1.fna.gff
    wildcards: fna=speciesOU015345.1.fna
    resources: mem_mb=4000, mem_mib=3815, disk_mb=1000, disk_mib=954, tmpdir=<TBD>, slurm_partition=compute, runtime=60, account=zfears
[Wed Nov 26 22:16:40 2025]
Error in rule prokka:
    message: SLURM sbatch failed. The error message was 'sbatch: error: Partition "compute" not found
sbatch: error: Your job cannot run due to an incorrect resource request or there is a bug in the submit plugin. Please correct your parameters or open a support ticket at https://rc.byu.edu/ticket with the exact sbatch command line parameters and #SBATCH lines. Note that only one rejection message is included per partition; there may be multiple reasons for rejection.
sbatch: error: Batch job submission failed: Unspecified error'.
    sbatch call:
        sbatch --parsable --job-name 20ffb671-c0f2-4665-92e2-2e5f9366f97c --output /grphome/grp_Assembly/pcrScripts/snakemake/.snakemake/slurm_logs/rule_prokka/speciesOU015345.1.fna/%j.log --export=ALL --comment rule_prokka_wildcards_speciesOU015345.1.fna   -p compute -t 60 --mem 4000 --ntasks=1 --cpus-per-task=1 -D /grphome/grp_Assembly/pcrScripts/snakemake --wrap="/home/zfears/groups/grp_Assembly/snakemake/bin/python3.13 -m snakemake --snakefile '/grphome/grp_Assembly/pcrScripts/snakemake/main.smk' --target-jobs 'prokka:fna=speciesOU015345.1.fna' --allowed-rules prokka --cores 'all' --attempt 1 --force-use-threads  --wait-for-files '/grphome/grp_Assembly/pcrScripts/snakemake/.snakemake/tmp.m2jnoi_b' '/home/zfears/Desktop/pcrProj/sm_eFaecium/strains/speciesOU015345.1.fna' --force --target-files-omit-workdir-adjustment --max-inventory-time 0 --nocolor --no-hooks --nolock --ignore-incomplete --rerun-triggers params code input mtime software-env --deployment-method conda --conda-frontend 'conda' --conda-base-path '/apps/spack/root/opt/spack/linux-rhel9-haswell/gcc-13.2.0/miniconda3-24.3.0-poykqmtnr6sypgvxuiil5mz5rjd3lwrd' --shared-fs-usage sources persistence software-deployment source-cache storage-local-copies input-output --wrapper-prefix 'https://github.com/snakemake/snakemake-wrappers/raw/' --latency-wait 5 --scheduler 'ilp' --local-storage-prefix base64//LnNuYWtlbWFrZS9zdG9yYWdl --scheduler-solver-path '/home/zfears/groups/grp_Assembly/snakemake/bin' --runtime-source-cache-path '/home/zfears/.cache/snakemake/snakemake/source-cache/runtime-cache/tmpv1f1r3im' --default-resources base64//bWVtX21iPTQwMDA= base64//ZGlza19tYj1tYXgoMippbnB1dC5zaXplX21iLCAxMDAwKSBpZiBpbnB1dCBlbHNlIDUwMDAw base64//dG1wZGlyPXN5c3RlbV90bXBkaXI= base64//c2x1cm1fcGFydGl0aW9uPWNvbXB1dGU= base64//cnVudGltZT02MA== base64//YWNjb3VudD16ZmVhcnM= --executor slurm-jobstep --jobs 1 --mode 'remote'"
For further error details see the cluster/cloud log and the log files of the involved rule(s).
    jobid: 7
    input: /home/zfears/Desktop/pcrProj/sm_eFaecium/strains/speciesOU015345.1.fna
    output: /home/zfears/Desktop/pcrProj/sm_eFaecium/prokka/speciesOU015345.1.fna.gff, /home/zfears/Desktop/pcrProj/sm_eFaecium/prokka/speciesOU015345.1.fna.ffn
    conda-env: /nobackup/archive/grp/grp_Assembly/shared-conda-pkgs/envs/prokka
    shell:
        
        /grphome/grp_Assembly/pcrScripts/snakemake/scripts/prokka.sh /home/zfears/Desktop/pcrProj/sm_eFaecium/strains/speciesOU015345.1.fna /home/zfears/Desktop/pcrProj/sm_eFaecium/prokka
        
        (command exited with non-zero exit code)
[Wed Nov 26 22:16:40 2025]
rule prokka:
    input: /home/zfears/Desktop/pcrProj/sm_eFaecium/strains/speciesOU015708.1.fna
    output: /home/zfears/Desktop/pcrProj/sm_eFaecium/prokka/speciesOU015708.1.fna.gff, /home/zfears/Desktop/pcrProj/sm_eFaecium/prokka/speciesOU015708.1.fna.ffn
    jobid: 9
    reason: Missing output files: /home/zfears/Desktop/pcrProj/sm_eFaecium/prokka/speciesOU015708.1.fna.gff
    wildcards: fna=speciesOU015708.1.fna
    resources: mem_mb=4000, mem_mib=3815, disk_mb=1000, disk_mib=954, tmpdir=<TBD>, slurm_partition=compute, runtime=60, account=zfears
[Wed Nov 26 22:16:40 2025]
Error in rule prokka:
    message: SLURM sbatch failed. The error message was 'sbatch: error: Partition "compute" not found
sbatch: error: Your job cannot run due to an incorrect resource request or there is a bug in the submit plugin. Please correct your parameters or open a support ticket at https://rc.byu.edu/ticket with the exact sbatch command line parameters and #SBATCH lines. Note that only one rejection message is included per partition; there may be multiple reasons for rejection.
sbatch: error: Batch job submission failed: Unspecified error'.
    sbatch call:
        sbatch --parsable --job-name 20ffb671-c0f2-4665-92e2-2e5f9366f97c --output /grphome/grp_Assembly/pcrScripts/snakemake/.snakemake/slurm_logs/rule_prokka/speciesOU015708.1.fna/%j.log --export=ALL --comment rule_prokka_wildcards_speciesOU015708.1.fna   -p compute -t 60 --mem 4000 --ntasks=1 --cpus-per-task=1 -D /grphome/grp_Assembly/pcrScripts/snakemake --wrap="/home/zfears/groups/grp_Assembly/snakemake/bin/python3.13 -m snakemake --snakefile '/grphome/grp_Assembly/pcrScripts/snakemake/main.smk' --target-jobs 'prokka:fna=speciesOU015708.1.fna' --allowed-rules prokka --cores 'all' --attempt 1 --force-use-threads  --wait-for-files '/grphome/grp_Assembly/pcrScripts/snakemake/.snakemake/tmp.m2jnoi_b' '/home/zfears/Desktop/pcrProj/sm_eFaecium/strains/speciesOU015708.1.fna' --force --target-files-omit-workdir-adjustment --max-inventory-time 0 --nocolor --no-hooks --nolock --ignore-incomplete --rerun-triggers params code input mtime software-env --deployment-method conda --conda-frontend 'conda' --conda-base-path '/apps/spack/root/opt/spack/linux-rhel9-haswell/gcc-13.2.0/miniconda3-24.3.0-poykqmtnr6sypgvxuiil5mz5rjd3lwrd' --shared-fs-usage sources persistence software-deployment source-cache storage-local-copies input-output --wrapper-prefix 'https://github.com/snakemake/snakemake-wrappers/raw/' --latency-wait 5 --scheduler 'ilp' --local-storage-prefix base64//LnNuYWtlbWFrZS9zdG9yYWdl --scheduler-solver-path '/home/zfears/groups/grp_Assembly/snakemake/bin' --runtime-source-cache-path '/home/zfears/.cache/snakemake/snakemake/source-cache/runtime-cache/tmpv1f1r3im' --default-resources base64//bWVtX21iPTQwMDA= base64//ZGlza19tYj1tYXgoMippbnB1dC5zaXplX21iLCAxMDAwKSBpZiBpbnB1dCBlbHNlIDUwMDAw base64//dG1wZGlyPXN5c3RlbV90bXBkaXI= base64//c2x1cm1fcGFydGl0aW9uPWNvbXB1dGU= base64//cnVudGltZT02MA== base64//YWNjb3VudD16ZmVhcnM= --executor slurm-jobstep --jobs 1 --mode 'remote'"
For further error details see the cluster/cloud log and the log files of the involved rule(s).
    jobid: 9
    input: /home/zfears/Desktop/pcrProj/sm_eFaecium/strains/speciesOU015708.1.fna
    output: /home/zfears/Desktop/pcrProj/sm_eFaecium/prokka/speciesOU015708.1.fna.gff, /home/zfears/Desktop/pcrProj/sm_eFaecium/prokka/speciesOU015708.1.fna.ffn
    conda-env: /nobackup/archive/grp/grp_Assembly/shared-conda-pkgs/envs/prokka
    shell:
        
        /grphome/grp_Assembly/pcrScripts/snakemake/scripts/prokka.sh /home/zfears/Desktop/pcrProj/sm_eFaecium/strains/speciesOU015708.1.fna /home/zfears/Desktop/pcrProj/sm_eFaecium/prokka
        
        (command exited with non-zero exit code)
[Wed Nov 26 22:16:40 2025]
rule prokka:
    input: /home/zfears/Desktop/pcrProj/sm_eFaecium/strains/speciesOU016027.1.fna
    output: /home/zfears/Desktop/pcrProj/sm_eFaecium/prokka/speciesOU016027.1.fna.gff, /home/zfears/Desktop/pcrProj/sm_eFaecium/prokka/speciesOU016027.1.fna.ffn
    jobid: 11
    reason: Missing output files: /home/zfears/Desktop/pcrProj/sm_eFaecium/prokka/speciesOU016027.1.fna.gff
    wildcards: fna=speciesOU016027.1.fna
    resources: mem_mb=4000, mem_mib=3815, disk_mb=1000, disk_mib=954, tmpdir=<TBD>, slurm_partition=compute, runtime=60, account=zfears
[Wed Nov 26 22:16:40 2025]
Error in rule prokka:
    message: SLURM sbatch failed. The error message was 'sbatch: error: Partition "compute" not found
sbatch: error: Your job cannot run due to an incorrect resource request or there is a bug in the submit plugin. Please correct your parameters or open a support ticket at https://rc.byu.edu/ticket with the exact sbatch command line parameters and #SBATCH lines. Note that only one rejection message is included per partition; there may be multiple reasons for rejection.
sbatch: error: Batch job submission failed: Unspecified error'.
    sbatch call:
        sbatch --parsable --job-name 20ffb671-c0f2-4665-92e2-2e5f9366f97c --output /grphome/grp_Assembly/pcrScripts/snakemake/.snakemake/slurm_logs/rule_prokka/speciesOU016027.1.fna/%j.log --export=ALL --comment rule_prokka_wildcards_speciesOU016027.1.fna   -p compute -t 60 --mem 4000 --ntasks=1 --cpus-per-task=1 -D /grphome/grp_Assembly/pcrScripts/snakemake --wrap="/home/zfears/groups/grp_Assembly/snakemake/bin/python3.13 -m snakemake --snakefile '/grphome/grp_Assembly/pcrScripts/snakemake/main.smk' --target-jobs 'prokka:fna=speciesOU016027.1.fna' --allowed-rules prokka --cores 'all' --attempt 1 --force-use-threads  --wait-for-files '/grphome/grp_Assembly/pcrScripts/snakemake/.snakemake/tmp.m2jnoi_b' '/home/zfears/Desktop/pcrProj/sm_eFaecium/strains/speciesOU016027.1.fna' --force --target-files-omit-workdir-adjustment --max-inventory-time 0 --nocolor --no-hooks --nolock --ignore-incomplete --rerun-triggers params code input mtime software-env --deployment-method conda --conda-frontend 'conda' --conda-base-path '/apps/spack/root/opt/spack/linux-rhel9-haswell/gcc-13.2.0/miniconda3-24.3.0-poykqmtnr6sypgvxuiil5mz5rjd3lwrd' --shared-fs-usage sources persistence software-deployment source-cache storage-local-copies input-output --wrapper-prefix 'https://github.com/snakemake/snakemake-wrappers/raw/' --latency-wait 5 --scheduler 'ilp' --local-storage-prefix base64//LnNuYWtlbWFrZS9zdG9yYWdl --scheduler-solver-path '/home/zfears/groups/grp_Assembly/snakemake/bin' --runtime-source-cache-path '/home/zfears/.cache/snakemake/snakemake/source-cache/runtime-cache/tmpv1f1r3im' --default-resources base64//bWVtX21iPTQwMDA= base64//ZGlza19tYj1tYXgoMippbnB1dC5zaXplX21iLCAxMDAwKSBpZiBpbnB1dCBlbHNlIDUwMDAw base64//dG1wZGlyPXN5c3RlbV90bXBkaXI= base64//c2x1cm1fcGFydGl0aW9uPWNvbXB1dGU= base64//cnVudGltZT02MA== base64//YWNjb3VudD16ZmVhcnM= --executor slurm-jobstep --jobs 1 --mode 'remote'"
For further error details see the cluster/cloud log and the log files of the involved rule(s).
    jobid: 11
    input: /home/zfears/Desktop/pcrProj/sm_eFaecium/strains/speciesOU016027.1.fna
    output: /home/zfears/Desktop/pcrProj/sm_eFaecium/prokka/speciesOU016027.1.fna.gff, /home/zfears/Desktop/pcrProj/sm_eFaecium/prokka/speciesOU016027.1.fna.ffn
    conda-env: /nobackup/archive/grp/grp_Assembly/shared-conda-pkgs/envs/prokka
    shell:
        
        /grphome/grp_Assembly/pcrScripts/snakemake/scripts/prokka.sh /home/zfears/Desktop/pcrProj/sm_eFaecium/strains/speciesOU016027.1.fna /home/zfears/Desktop/pcrProj/sm_eFaecium/prokka
        
        (command exited with non-zero exit code)
[Wed Nov 26 22:16:40 2025]
rule prokka:
    input: /home/zfears/Desktop/pcrProj/sm_eFaecium/strains/genusOD940422.1.fna
    output: /home/zfears/Desktop/pcrProj/sm_eFaecium/prokka/genusOD940422.1.fna.gff, /home/zfears/Desktop/pcrProj/sm_eFaecium/prokka/genusOD940422.1.fna.ffn
    jobid: 2
    reason: Missing output files: /home/zfears/Desktop/pcrProj/sm_eFaecium/prokka/genusOD940422.1.fna.gff
    wildcards: fna=genusOD940422.1.fna
    resources: mem_mb=4000, mem_mib=3815, disk_mb=1000, disk_mib=954, tmpdir=<TBD>, slurm_partition=compute, runtime=60, account=zfears
[Wed Nov 26 22:16:41 2025]
Error in rule prokka:
    message: SLURM sbatch failed. The error message was 'sbatch: error: Partition "compute" not found
sbatch: error: Your job cannot run due to an incorrect resource request or there is a bug in the submit plugin. Please correct your parameters or open a support ticket at https://rc.byu.edu/ticket with the exact sbatch command line parameters and #SBATCH lines. Note that only one rejection message is included per partition; there may be multiple reasons for rejection.
sbatch: error: Batch job submission failed: Unspecified error'.
    sbatch call:
        sbatch --parsable --job-name 20ffb671-c0f2-4665-92e2-2e5f9366f97c --output /grphome/grp_Assembly/pcrScripts/snakemake/.snakemake/slurm_logs/rule_prokka/genusOD940422.1.fna/%j.log --export=ALL --comment rule_prokka_wildcards_genusOD940422.1.fna   -p compute -t 60 --mem 4000 --ntasks=1 --cpus-per-task=1 -D /grphome/grp_Assembly/pcrScripts/snakemake --wrap="/home/zfears/groups/grp_Assembly/snakemake/bin/python3.13 -m snakemake --snakefile '/grphome/grp_Assembly/pcrScripts/snakemake/main.smk' --target-jobs 'prokka:fna=genusOD940422.1.fna' --allowed-rules prokka --cores 'all' --attempt 1 --force-use-threads  --wait-for-files '/grphome/grp_Assembly/pcrScripts/snakemake/.snakemake/tmp.m2jnoi_b' '/home/zfears/Desktop/pcrProj/sm_eFaecium/strains/genusOD940422.1.fna' --force --target-files-omit-workdir-adjustment --max-inventory-time 0 --nocolor --no-hooks --nolock --ignore-incomplete --rerun-triggers params code input mtime software-env --deployment-method conda --conda-frontend 'conda' --conda-base-path '/apps/spack/root/opt/spack/linux-rhel9-haswell/gcc-13.2.0/miniconda3-24.3.0-poykqmtnr6sypgvxuiil5mz5rjd3lwrd' --shared-fs-usage sources persistence software-deployment source-cache storage-local-copies input-output --wrapper-prefix 'https://github.com/snakemake/snakemake-wrappers/raw/' --latency-wait 5 --scheduler 'ilp' --local-storage-prefix base64//LnNuYWtlbWFrZS9zdG9yYWdl --scheduler-solver-path '/home/zfears/groups/grp_Assembly/snakemake/bin' --runtime-source-cache-path '/home/zfears/.cache/snakemake/snakemake/source-cache/runtime-cache/tmpv1f1r3im' --default-resources base64//bWVtX21iPTQwMDA= base64//ZGlza19tYj1tYXgoMippbnB1dC5zaXplX21iLCAxMDAwKSBpZiBpbnB1dCBlbHNlIDUwMDAw base64//dG1wZGlyPXN5c3RlbV90bXBkaXI= base64//c2x1cm1fcGFydGl0aW9uPWNvbXB1dGU= base64//cnVudGltZT02MA== base64//YWNjb3VudD16ZmVhcnM= --executor slurm-jobstep --jobs 1 --mode 'remote'"
For further error details see the cluster/cloud log and the log files of the involved rule(s).
    jobid: 2
    input: /home/zfears/Desktop/pcrProj/sm_eFaecium/strains/genusOD940422.1.fna
    output: /home/zfears/Desktop/pcrProj/sm_eFaecium/prokka/genusOD940422.1.fna.gff, /home/zfears/Desktop/pcrProj/sm_eFaecium/prokka/genusOD940422.1.fna.ffn
    conda-env: /nobackup/archive/grp/grp_Assembly/shared-conda-pkgs/envs/prokka
    shell:
        
        /grphome/grp_Assembly/pcrScripts/snakemake/scripts/prokka.sh /home/zfears/Desktop/pcrProj/sm_eFaecium/strains/genusOD940422.1.fna /home/zfears/Desktop/pcrProj/sm_eFaecium/prokka
        
        (command exited with non-zero exit code)
[Wed Nov 26 22:16:41 2025]
rule prokka:
    input: /home/zfears/Desktop/pcrProj/sm_eFaecium/strains/genusOD940434.1.fna
    output: /home/zfears/Desktop/pcrProj/sm_eFaecium/prokka/genusOD940434.1.fna.gff, /home/zfears/Desktop/pcrProj/sm_eFaecium/prokka/genusOD940434.1.fna.ffn
    jobid: 4
    reason: Missing output files: /home/zfears/Desktop/pcrProj/sm_eFaecium/prokka/genusOD940434.1.fna.gff
    wildcards: fna=genusOD940434.1.fna
    resources: mem_mb=4000, mem_mib=3815, disk_mb=1000, disk_mib=954, tmpdir=<TBD>, slurm_partition=compute, runtime=60, account=zfears
[Wed Nov 26 22:16:41 2025]
Error in rule prokka:
    message: SLURM sbatch failed. The error message was 'sbatch: error: Partition "compute" not found
sbatch: error: Your job cannot run due to an incorrect resource request or there is a bug in the submit plugin. Please correct your parameters or open a support ticket at https://rc.byu.edu/ticket with the exact sbatch command line parameters and #SBATCH lines. Note that only one rejection message is included per partition; there may be multiple reasons for rejection.
sbatch: error: Batch job submission failed: Unspecified error'.
    sbatch call:
        sbatch --parsable --job-name 20ffb671-c0f2-4665-92e2-2e5f9366f97c --output /grphome/grp_Assembly/pcrScripts/snakemake/.snakemake/slurm_logs/rule_prokka/genusOD940434.1.fna/%j.log --export=ALL --comment rule_prokka_wildcards_genusOD940434.1.fna   -p compute -t 60 --mem 4000 --ntasks=1 --cpus-per-task=1 -D /grphome/grp_Assembly/pcrScripts/snakemake --wrap="/home/zfears/groups/grp_Assembly/snakemake/bin/python3.13 -m snakemake --snakefile '/grphome/grp_Assembly/pcrScripts/snakemake/main.smk' --target-jobs 'prokka:fna=genusOD940434.1.fna' --allowed-rules prokka --cores 'all' --attempt 1 --force-use-threads  --wait-for-files '/grphome/grp_Assembly/pcrScripts/snakemake/.snakemake/tmp.m2jnoi_b' '/home/zfears/Desktop/pcrProj/sm_eFaecium/strains/genusOD940434.1.fna' --force --target-files-omit-workdir-adjustment --max-inventory-time 0 --nocolor --no-hooks --nolock --ignore-incomplete --rerun-triggers params code input mtime software-env --deployment-method conda --conda-frontend 'conda' --conda-base-path '/apps/spack/root/opt/spack/linux-rhel9-haswell/gcc-13.2.0/miniconda3-24.3.0-poykqmtnr6sypgvxuiil5mz5rjd3lwrd' --shared-fs-usage sources persistence software-deployment source-cache storage-local-copies input-output --wrapper-prefix 'https://github.com/snakemake/snakemake-wrappers/raw/' --latency-wait 5 --scheduler 'ilp' --local-storage-prefix base64//LnNuYWtlbWFrZS9zdG9yYWdl --scheduler-solver-path '/home/zfears/groups/grp_Assembly/snakemake/bin' --runtime-source-cache-path '/home/zfears/.cache/snakemake/snakemake/source-cache/runtime-cache/tmpv1f1r3im' --default-resources base64//bWVtX21iPTQwMDA= base64//ZGlza19tYj1tYXgoMippbnB1dC5zaXplX21iLCAxMDAwKSBpZiBpbnB1dCBlbHNlIDUwMDAw base64//dG1wZGlyPXN5c3RlbV90bXBkaXI= base64//c2x1cm1fcGFydGl0aW9uPWNvbXB1dGU= base64//cnVudGltZT02MA== base64//YWNjb3VudD16ZmVhcnM= --executor slurm-jobstep --jobs 1 --mode 'remote'"
For further error details see the cluster/cloud log and the log files of the involved rule(s).
    jobid: 4
    input: /home/zfears/Desktop/pcrProj/sm_eFaecium/strains/genusOD940434.1.fna
    output: /home/zfears/Desktop/pcrProj/sm_eFaecium/prokka/genusOD940434.1.fna.gff, /home/zfears/Desktop/pcrProj/sm_eFaecium/prokka/genusOD940434.1.fna.ffn
    conda-env: /nobackup/archive/grp/grp_Assembly/shared-conda-pkgs/envs/prokka
    shell:
        
        /grphome/grp_Assembly/pcrScripts/snakemake/scripts/prokka.sh /home/zfears/Desktop/pcrProj/sm_eFaecium/strains/genusOD940434.1.fna /home/zfears/Desktop/pcrProj/sm_eFaecium/prokka
        
        (command exited with non-zero exit code)
Shutting down, this might take some time.
Cleaning up SLURM log files older than 10 day(s).
Exiting because a job execution failed. Look below for error messages
[Wed Nov 26 22:17:15 2025]
Error in rule prokka:
    message: None
    jobid: 6
    input: /home/zfears/Desktop/pcrProj/sm_eFaecium/strains/genusOD940440.1.fna
    output: /home/zfears/Desktop/pcrProj/sm_eFaecium/prokka/genusOD940440.1.fna.gff, /home/zfears/Desktop/pcrProj/sm_eFaecium/prokka/genusOD940440.1.fna.ffn
    conda-env: /nobackup/archive/grp/grp_Assembly/shared-conda-pkgs/envs/prokka
    shell:
        
        /grphome/grp_Assembly/pcrScripts/snakemake/scripts/prokka.sh /home/zfears/Desktop/pcrProj/sm_eFaecium/strains/genusOD940440.1.fna /home/zfears/Desktop/pcrProj/sm_eFaecium/prokka
        
        (command exited with non-zero exit code)
[Wed Nov 26 22:17:15 2025]
Error in rule prokka:
    message: None
    jobid: 8
    input: /home/zfears/Desktop/pcrProj/sm_eFaecium/strains/speciesOU015350.1.fna
    output: /home/zfears/Desktop/pcrProj/sm_eFaecium/prokka/speciesOU015350.1.fna.gff, /home/zfears/Desktop/pcrProj/sm_eFaecium/prokka/speciesOU015350.1.fna.ffn
    conda-env: /nobackup/archive/grp/grp_Assembly/shared-conda-pkgs/envs/prokka
    shell:
        
        /grphome/grp_Assembly/pcrScripts/snakemake/scripts/prokka.sh /home/zfears/Desktop/pcrProj/sm_eFaecium/strains/speciesOU015350.1.fna /home/zfears/Desktop/pcrProj/sm_eFaecium/prokka
        
        (command exited with non-zero exit code)
[Wed Nov 26 22:17:15 2025]
Error in rule prokka:
    message: None
    jobid: 10
    input: /home/zfears/Desktop/pcrProj/sm_eFaecium/strains/speciesOU015946.1.fna
    output: /home/zfears/Desktop/pcrProj/sm_eFaecium/prokka/speciesOU015946.1.fna.gff, /home/zfears/Desktop/pcrProj/sm_eFaecium/prokka/speciesOU015946.1.fna.ffn
    conda-env: /nobackup/archive/grp/grp_Assembly/shared-conda-pkgs/envs/prokka
    shell:
        
        /grphome/grp_Assembly/pcrScripts/snakemake/scripts/prokka.sh /home/zfears/Desktop/pcrProj/sm_eFaecium/strains/speciesOU015946.1.fna /home/zfears/Desktop/pcrProj/sm_eFaecium/prokka
        
        (command exited with non-zero exit code)
[Wed Nov 26 22:17:15 2025]
Error in rule prokka:
    message: None
    jobid: 12
    input: /home/zfears/Desktop/pcrProj/sm_eFaecium/strains/speciesOU016036.1.fna
    output: /home/zfears/Desktop/pcrProj/sm_eFaecium/prokka/speciesOU016036.1.fna.gff, /home/zfears/Desktop/pcrProj/sm_eFaecium/prokka/speciesOU016036.1.fna.ffn
    conda-env: /nobackup/archive/grp/grp_Assembly/shared-conda-pkgs/envs/prokka
    shell:
        
        /grphome/grp_Assembly/pcrScripts/snakemake/scripts/prokka.sh /home/zfears/Desktop/pcrProj/sm_eFaecium/strains/speciesOU016036.1.fna /home/zfears/Desktop/pcrProj/sm_eFaecium/prokka
        
        (command exited with non-zero exit code)
[Wed Nov 26 22:17:15 2025]
Error in rule prokka:
    message: None
    jobid: 1
    input: /home/zfears/Desktop/pcrProj/sm_eFaecium/strains/genusOD940420.1.fna
    output: /home/zfears/Desktop/pcrProj/sm_eFaecium/prokka/genusOD940420.1.fna.gff, /home/zfears/Desktop/pcrProj/sm_eFaecium/prokka/genusOD940420.1.fna.ffn
    conda-env: /nobackup/archive/grp/grp_Assembly/shared-conda-pkgs/envs/prokka
    shell:
        
        /grphome/grp_Assembly/pcrScripts/snakemake/scripts/prokka.sh /home/zfears/Desktop/pcrProj/sm_eFaecium/strains/genusOD940420.1.fna /home/zfears/Desktop/pcrProj/sm_eFaecium/prokka
        
        (command exited with non-zero exit code)
[Wed Nov 26 22:17:15 2025]
Error in rule prokka:
    message: None
    jobid: 3
    input: /home/zfears/Desktop/pcrProj/sm_eFaecium/strains/genusOD940431.1.fna
    output: /home/zfears/Desktop/pcrProj/sm_eFaecium/prokka/genusOD940431.1.fna.gff, /home/zfears/Desktop/pcrProj/sm_eFaecium/prokka/genusOD940431.1.fna.ffn
    conda-env: /nobackup/archive/grp/grp_Assembly/shared-conda-pkgs/envs/prokka
    shell:
        
        /grphome/grp_Assembly/pcrScripts/snakemake/scripts/prokka.sh /home/zfears/Desktop/pcrProj/sm_eFaecium/strains/genusOD940431.1.fna /home/zfears/Desktop/pcrProj/sm_eFaecium/prokka
        
        (command exited with non-zero exit code)
[Wed Nov 26 22:17:15 2025]
Error in rule prokka:
    message: None
    jobid: 5
    input: /home/zfears/Desktop/pcrProj/sm_eFaecium/strains/genusOD940437.1.fna
    output: /home/zfears/Desktop/pcrProj/sm_eFaecium/prokka/genusOD940437.1.fna.gff, /home/zfears/Desktop/pcrProj/sm_eFaecium/prokka/genusOD940437.1.fna.ffn
    conda-env: /nobackup/archive/grp/grp_Assembly/shared-conda-pkgs/envs/prokka
    shell:
        
        /grphome/grp_Assembly/pcrScripts/snakemake/scripts/prokka.sh /home/zfears/Desktop/pcrProj/sm_eFaecium/strains/genusOD940437.1.fna /home/zfears/Desktop/pcrProj/sm_eFaecium/prokka
        
        (command exited with non-zero exit code)
[Wed Nov 26 22:17:15 2025]
Error in rule prokka:
    message: None
    jobid: 7
    input: /home/zfears/Desktop/pcrProj/sm_eFaecium/strains/speciesOU015345.1.fna
    output: /home/zfears/Desktop/pcrProj/sm_eFaecium/prokka/speciesOU015345.1.fna.gff, /home/zfears/Desktop/pcrProj/sm_eFaecium/prokka/speciesOU015345.1.fna.ffn
    conda-env: /nobackup/archive/grp/grp_Assembly/shared-conda-pkgs/envs/prokka
    shell:
        
        /grphome/grp_Assembly/pcrScripts/snakemake/scripts/prokka.sh /home/zfears/Desktop/pcrProj/sm_eFaecium/strains/speciesOU015345.1.fna /home/zfears/Desktop/pcrProj/sm_eFaecium/prokka
        
        (command exited with non-zero exit code)
[Wed Nov 26 22:17:15 2025]
Error in rule prokka:
    message: None
    jobid: 9
    input: /home/zfears/Desktop/pcrProj/sm_eFaecium/strains/speciesOU015708.1.fna
    output: /home/zfears/Desktop/pcrProj/sm_eFaecium/prokka/speciesOU015708.1.fna.gff, /home/zfears/Desktop/pcrProj/sm_eFaecium/prokka/speciesOU015708.1.fna.ffn
    conda-env: /nobackup/archive/grp/grp_Assembly/shared-conda-pkgs/envs/prokka
    shell:
        
        /grphome/grp_Assembly/pcrScripts/snakemake/scripts/prokka.sh /home/zfears/Desktop/pcrProj/sm_eFaecium/strains/speciesOU015708.1.fna /home/zfears/Desktop/pcrProj/sm_eFaecium/prokka
        
        (command exited with non-zero exit code)
[Wed Nov 26 22:17:15 2025]
Error in rule prokka:
    message: None
    jobid: 11
    input: /home/zfears/Desktop/pcrProj/sm_eFaecium/strains/speciesOU016027.1.fna
    output: /home/zfears/Desktop/pcrProj/sm_eFaecium/prokka/speciesOU016027.1.fna.gff, /home/zfears/Desktop/pcrProj/sm_eFaecium/prokka/speciesOU016027.1.fna.ffn
    conda-env: /nobackup/archive/grp/grp_Assembly/shared-conda-pkgs/envs/prokka
    shell:
        
        /grphome/grp_Assembly/pcrScripts/snakemake/scripts/prokka.sh /home/zfears/Desktop/pcrProj/sm_eFaecium/strains/speciesOU016027.1.fna /home/zfears/Desktop/pcrProj/sm_eFaecium/prokka
        
        (command exited with non-zero exit code)
[Wed Nov 26 22:17:15 2025]
Error in rule prokka:
    message: None
    jobid: 2
    input: /home/zfears/Desktop/pcrProj/sm_eFaecium/strains/genusOD940422.1.fna
    output: /home/zfears/Desktop/pcrProj/sm_eFaecium/prokka/genusOD940422.1.fna.gff, /home/zfears/Desktop/pcrProj/sm_eFaecium/prokka/genusOD940422.1.fna.ffn
    conda-env: /nobackup/archive/grp/grp_Assembly/shared-conda-pkgs/envs/prokka
    shell:
        
        /grphome/grp_Assembly/pcrScripts/snakemake/scripts/prokka.sh /home/zfears/Desktop/pcrProj/sm_eFaecium/strains/genusOD940422.1.fna /home/zfears/Desktop/pcrProj/sm_eFaecium/prokka
        
        (command exited with non-zero exit code)
[Wed Nov 26 22:17:15 2025]
Error in rule prokka:
    message: None
    jobid: 4
    input: /home/zfears/Desktop/pcrProj/sm_eFaecium/strains/genusOD940434.1.fna
    output: /home/zfears/Desktop/pcrProj/sm_eFaecium/prokka/genusOD940434.1.fna.gff, /home/zfears/Desktop/pcrProj/sm_eFaecium/prokka/genusOD940434.1.fna.ffn
    conda-env: /nobackup/archive/grp/grp_Assembly/shared-conda-pkgs/envs/prokka
    shell:
        
        /grphome/grp_Assembly/pcrScripts/snakemake/scripts/prokka.sh /home/zfears/Desktop/pcrProj/sm_eFaecium/strains/genusOD940434.1.fna /home/zfears/Desktop/pcrProj/sm_eFaecium/prokka
        
        (command exited with non-zero exit code)
Complete log(s): /grphome/grp_Assembly/pcrScripts/snakemake/.snakemake/log/2025-11-26T221634.794519.snakemake.log
WorkflowError:
At least one job did not complete successfully.
